// Vitest Snapshot v1, https://vitest.dev/guide/snapshot.html

exports[`OrderSkeleton stories snapshot > Default story renders and matches snapshot 1`] = `
<div>
  <div
    class="min-h-screen bg-background"
  >
    <div
      class="max-w-4xl mx-auto px-4 sm:px-6 lg:px-8 py-8"
    >
      <div
        class="text-left mb-8"
      >
        <div
          class="w-16 h-16 bg-accent/10 rounded-full flex items-center justify-center mx-auto mb-6"
        >
          <div
            class="animate-pulse bg-muted w-8 h-8 rounded-full"
          />
        </div>
        <div
          class="animate-pulse rounded-md bg-muted h-12 w-96 mb-4"
        />
        <div
          class="animate-pulse rounded-md bg-muted h-6 w-48 mb-2"
        />
        <div
          class="animate-pulse rounded-md bg-muted h-6 w-80"
        />
      </div>
      <div
        class="bg-card text-card-foreground flex flex-col gap-6 rounded-xl border py-6 shadow-sm mb-8"
      >
        <div
          class="px-6"
        >
          <div
            class="animate-pulse rounded-md bg-muted h-6 w-32 mb-6"
          />
        </div>
        <div
          class="px-6"
        >
          <div
            class="space-y-2"
          >
            <div
              class="flex justify-between text-sm"
            >
              <div
                class="animate-pulse rounded-md bg-muted h-4 w-24"
              />
              <div
                class="animate-pulse rounded-md bg-muted h-4 w-20"
              />
            </div>
            <div
              class="flex justify-between text-sm"
            >
              <div
                class="animate-pulse rounded-md bg-muted h-4 w-16"
              />
              <div
                class="animate-pulse rounded-md bg-muted h-4 w-20"
              />
            </div>
            <div
              class="flex justify-between text-sm"
            >
              <div
                class="animate-pulse rounded-md bg-muted h-4 w-12"
              />
              <div
                class="animate-pulse rounded-md bg-muted h-4 w-16"
              />
            </div>
          </div>
        </div>
      </div>
      <div
        class="bg-card text-card-foreground flex flex-col gap-6 rounded-xl border py-6 shadow-sm mb-8"
      >
        <div
          class="px-6"
        >
          <div
            class="animate-pulse rounded-md bg-muted h-6 w-36 mb-6"
          />
        </div>
        <div
          class="px-6"
        >
          <div
            class="grid md:grid-cols-2 gap-6"
          >
            <div>
              <div
                class="animate-pulse rounded-md bg-muted h-6 w-32 mb-2"
              />
              <div
                class="space-y-1"
              >
                <div
                  class="animate-pulse rounded-md bg-muted h-4 w-24"
                />
                <div
                  class="animate-pulse rounded-md bg-muted h-4 w-32"
                />
                <div
                  class="animate-pulse rounded-md bg-muted h-4 w-40"
                />
                <div
                  class="animate-pulse rounded-md bg-muted h-4 w-8"
                />
                <div
                  class="animate-pulse rounded-md bg-muted h-4 w-28"
                />
              </div>
            </div>
            <div>
              <div
                class="animate-pulse rounded-md bg-muted h-6 w-32 mb-2"
              />
              <div
                class="animate-pulse rounded-md bg-muted h-4 w-20"
              />
            </div>
          </div>
        </div>
      </div>
      <div
        class="bg-card text-card-foreground flex flex-col gap-6 rounded-xl border py-6 shadow-sm mb-8"
      >
        <div
          class="px-6"
        >
          <div
            class="animate-pulse rounded-md bg-muted h-6 w-32 mb-6"
          />
        </div>
        <div
          class="px-6"
        >
          <div
            class="grid md:grid-cols-2 gap-6"
          >
            <div>
              <div
                class="animate-pulse rounded-md bg-muted h-6 w-32 mb-2"
              />
              <div
                class="space-y-1"
              >
                <div
                  class="animate-pulse rounded-md bg-muted h-4 w-24"
                />
                <div
                  class="animate-pulse rounded-md bg-muted h-4 w-32"
                />
                <div
                  class="animate-pulse rounded-md bg-muted h-4 w-40"
                />
                <div
                  class="animate-pulse rounded-md bg-muted h-4 w-8"
                />
                <div
                  class="animate-pulse rounded-md bg-muted h-4 w-28"
                />
              </div>
            </div>
            <div>
              <div
                class="animate-pulse rounded-md bg-muted h-6 w-32 mb-2"
              />
              <div>
                <div
                  class="animate-pulse rounded-md bg-muted h-4 w-16 mb-1"
                />
                <div
                  class="animate-pulse rounded-md bg-muted h-4 w-24"
                />
              </div>
            </div>
          </div>
        </div>
      </div>
      <div
        class="flex flex-col sm:flex-row gap-4 justify-center"
      >
        <div
          class="animate-pulse rounded-md bg-muted h-10 w-40 mx-auto sm:mx-0"
        />
        <div
          class="animate-pulse rounded-md bg-muted h-10 w-32 mx-auto sm:mx-0"
        />
      </div>
    </div>
  </div>
</div>
`;

exports[`OrderSkeleton stories snapshot > Desktop story renders and matches snapshot 1`] = `
<div>
  <div
    class="min-h-screen bg-background"
  >
    <div
      class="max-w-4xl mx-auto px-4 sm:px-6 lg:px-8 py-8"
    >
      <div
        class="text-left mb-8"
      >
        <div
          class="w-16 h-16 bg-accent/10 rounded-full flex items-center justify-center mx-auto mb-6"
        >
          <div
            class="animate-pulse bg-muted w-8 h-8 rounded-full"
          />
        </div>
        <div
          class="animate-pulse rounded-md bg-muted h-12 w-96 mb-4"
        />
        <div
          class="animate-pulse rounded-md bg-muted h-6 w-48 mb-2"
        />
        <div
          class="animate-pulse rounded-md bg-muted h-6 w-80"
        />
      </div>
      <div
        class="bg-card text-card-foreground flex flex-col gap-6 rounded-xl border py-6 shadow-sm mb-8"
      >
        <div
          class="px-6"
        >
          <div
            class="animate-pulse rounded-md bg-muted h-6 w-32 mb-6"
          />
        </div>
        <div
          class="px-6"
        >
          <div
            class="space-y-2"
          >
            <div
              class="flex justify-between text-sm"
            >
              <div
                class="animate-pulse rounded-md bg-muted h-4 w-24"
              />
              <div
                class="animate-pulse rounded-md bg-muted h-4 w-20"
              />
            </div>
            <div
              class="flex justify-between text-sm"
            >
              <div
                class="animate-pulse rounded-md bg-muted h-4 w-16"
              />
              <div
                class="animate-pulse rounded-md bg-muted h-4 w-20"
              />
            </div>
            <div
              class="flex justify-between text-sm"
            >
              <div
                class="animate-pulse rounded-md bg-muted h-4 w-12"
              />
              <div
                class="animate-pulse rounded-md bg-muted h-4 w-16"
              />
            </div>
          </div>
        </div>
      </div>
      <div
        class="bg-card text-card-foreground flex flex-col gap-6 rounded-xl border py-6 shadow-sm mb-8"
      >
        <div
          class="px-6"
        >
          <div
            class="animate-pulse rounded-md bg-muted h-6 w-36 mb-6"
          />
        </div>
        <div
          class="px-6"
        >
          <div
            class="grid md:grid-cols-2 gap-6"
          >
            <div>
              <div
                class="animate-pulse rounded-md bg-muted h-6 w-32 mb-2"
              />
              <div
                class="space-y-1"
              >
                <div
                  class="animate-pulse rounded-md bg-muted h-4 w-24"
                />
                <div
                  class="animate-pulse rounded-md bg-muted h-4 w-32"
                />
                <div
                  class="animate-pulse rounded-md bg-muted h-4 w-40"
                />
                <div
                  class="animate-pulse rounded-md bg-muted h-4 w-8"
                />
                <div
                  class="animate-pulse rounded-md bg-muted h-4 w-28"
                />
              </div>
            </div>
            <div>
              <div
                class="animate-pulse rounded-md bg-muted h-6 w-32 mb-2"
              />
              <div
                class="animate-pulse rounded-md bg-muted h-4 w-20"
              />
            </div>
          </div>
        </div>
      </div>
      <div
        class="bg-card text-card-foreground flex flex-col gap-6 rounded-xl border py-6 shadow-sm mb-8"
      >
        <div
          class="px-6"
        >
          <div
            class="animate-pulse rounded-md bg-muted h-6 w-32 mb-6"
          />
        </div>
        <div
          class="px-6"
        >
          <div
            class="grid md:grid-cols-2 gap-6"
          >
            <div>
              <div
                class="animate-pulse rounded-md bg-muted h-6 w-32 mb-2"
              />
              <div
                class="space-y-1"
              >
                <div
                  class="animate-pulse rounded-md bg-muted h-4 w-24"
                />
                <div
                  class="animate-pulse rounded-md bg-muted h-4 w-32"
                />
                <div
                  class="animate-pulse rounded-md bg-muted h-4 w-40"
                />
                <div
                  class="animate-pulse rounded-md bg-muted h-4 w-8"
                />
                <div
                  class="animate-pulse rounded-md bg-muted h-4 w-28"
                />
              </div>
            </div>
            <div>
              <div
                class="animate-pulse rounded-md bg-muted h-6 w-32 mb-2"
              />
              <div>
                <div
                  class="animate-pulse rounded-md bg-muted h-4 w-16 mb-1"
                />
                <div
                  class="animate-pulse rounded-md bg-muted h-4 w-24"
                />
              </div>
            </div>
          </div>
        </div>
      </div>
      <div
        class="flex flex-col sm:flex-row gap-4 justify-center"
      >
        <div
          class="animate-pulse rounded-md bg-muted h-10 w-40 mx-auto sm:mx-0"
        />
        <div
          class="animate-pulse rounded-md bg-muted h-10 w-32 mx-auto sm:mx-0"
        />
      </div>
    </div>
  </div>
</div>
`;

exports[`OrderSkeleton stories snapshot > Mobile story renders and matches snapshot 1`] = `
<div>
  <div
    class="min-h-screen bg-background"
  >
    <div
      class="max-w-4xl mx-auto px-4 sm:px-6 lg:px-8 py-8"
    >
      <div
        class="text-left mb-8"
      >
        <div
          class="w-16 h-16 bg-accent/10 rounded-full flex items-center justify-center mx-auto mb-6"
        >
          <div
            class="animate-pulse bg-muted w-8 h-8 rounded-full"
          />
        </div>
        <div
          class="animate-pulse rounded-md bg-muted h-12 w-96 mb-4"
        />
        <div
          class="animate-pulse rounded-md bg-muted h-6 w-48 mb-2"
        />
        <div
          class="animate-pulse rounded-md bg-muted h-6 w-80"
        />
      </div>
      <div
        class="bg-card text-card-foreground flex flex-col gap-6 rounded-xl border py-6 shadow-sm mb-8"
      >
        <div
          class="px-6"
        >
          <div
            class="animate-pulse rounded-md bg-muted h-6 w-32 mb-6"
          />
        </div>
        <div
          class="px-6"
        >
          <div
            class="space-y-2"
          >
            <div
              class="flex justify-between text-sm"
            >
              <div
                class="animate-pulse rounded-md bg-muted h-4 w-24"
              />
              <div
                class="animate-pulse rounded-md bg-muted h-4 w-20"
              />
            </div>
            <div
              class="flex justify-between text-sm"
            >
              <div
                class="animate-pulse rounded-md bg-muted h-4 w-16"
              />
              <div
                class="animate-pulse rounded-md bg-muted h-4 w-20"
              />
            </div>
            <div
              class="flex justify-between text-sm"
            >
              <div
                class="animate-pulse rounded-md bg-muted h-4 w-12"
              />
              <div
                class="animate-pulse rounded-md bg-muted h-4 w-16"
              />
            </div>
          </div>
        </div>
      </div>
      <div
        class="bg-card text-card-foreground flex flex-col gap-6 rounded-xl border py-6 shadow-sm mb-8"
      >
        <div
          class="px-6"
        >
          <div
            class="animate-pulse rounded-md bg-muted h-6 w-36 mb-6"
          />
        </div>
        <div
          class="px-6"
        >
          <div
            class="grid md:grid-cols-2 gap-6"
          >
            <div>
              <div
                class="animate-pulse rounded-md bg-muted h-6 w-32 mb-2"
              />
              <div
                class="space-y-1"
              >
                <div
                  class="animate-pulse rounded-md bg-muted h-4 w-24"
                />
                <div
                  class="animate-pulse rounded-md bg-muted h-4 w-32"
                />
                <div
                  class="animate-pulse rounded-md bg-muted h-4 w-40"
                />
                <div
                  class="animate-pulse rounded-md bg-muted h-4 w-8"
                />
                <div
                  class="animate-pulse rounded-md bg-muted h-4 w-28"
                />
              </div>
            </div>
            <div>
              <div
                class="animate-pulse rounded-md bg-muted h-6 w-32 mb-2"
              />
              <div
                class="animate-pulse rounded-md bg-muted h-4 w-20"
              />
            </div>
          </div>
        </div>
      </div>
      <div
        class="bg-card text-card-foreground flex flex-col gap-6 rounded-xl border py-6 shadow-sm mb-8"
      >
        <div
          class="px-6"
        >
          <div
            class="animate-pulse rounded-md bg-muted h-6 w-32 mb-6"
          />
        </div>
        <div
          class="px-6"
        >
          <div
            class="grid md:grid-cols-2 gap-6"
          >
            <div>
              <div
                class="animate-pulse rounded-md bg-muted h-6 w-32 mb-2"
              />
              <div
                class="space-y-1"
              >
                <div
                  class="animate-pulse rounded-md bg-muted h-4 w-24"
                />
                <div
                  class="animate-pulse rounded-md bg-muted h-4 w-32"
                />
                <div
                  class="animate-pulse rounded-md bg-muted h-4 w-40"
                />
                <div
                  class="animate-pulse rounded-md bg-muted h-4 w-8"
                />
                <div
                  class="animate-pulse rounded-md bg-muted h-4 w-28"
                />
              </div>
            </div>
            <div>
              <div
                class="animate-pulse rounded-md bg-muted h-6 w-32 mb-2"
              />
              <div>
                <div
                  class="animate-pulse rounded-md bg-muted h-4 w-16 mb-1"
                />
                <div
                  class="animate-pulse rounded-md bg-muted h-4 w-24"
                />
              </div>
            </div>
          </div>
        </div>
      </div>
      <div
        class="flex flex-col sm:flex-row gap-4 justify-center"
      >
        <div
          class="animate-pulse rounded-md bg-muted h-10 w-40 mx-auto sm:mx-0"
        />
        <div
          class="animate-pulse rounded-md bg-muted h-10 w-32 mx-auto sm:mx-0"
        />
      </div>
    </div>
  </div>
</div>
`;

exports[`OrderSkeleton stories snapshot > Tablet story renders and matches snapshot 1`] = `
<div>
  <div
    class="min-h-screen bg-background"
  >
    <div
      class="max-w-4xl mx-auto px-4 sm:px-6 lg:px-8 py-8"
    >
      <div
        class="text-left mb-8"
      >
        <div
          class="w-16 h-16 bg-accent/10 rounded-full flex items-center justify-center mx-auto mb-6"
        >
          <div
            class="animate-pulse bg-muted w-8 h-8 rounded-full"
          />
        </div>
        <div
          class="animate-pulse rounded-md bg-muted h-12 w-96 mb-4"
        />
        <div
          class="animate-pulse rounded-md bg-muted h-6 w-48 mb-2"
        />
        <div
          class="animate-pulse rounded-md bg-muted h-6 w-80"
        />
      </div>
      <div
        class="bg-card text-card-foreground flex flex-col gap-6 rounded-xl border py-6 shadow-sm mb-8"
      >
        <div
          class="px-6"
        >
          <div
            class="animate-pulse rounded-md bg-muted h-6 w-32 mb-6"
          />
        </div>
        <div
          class="px-6"
        >
          <div
            class="space-y-2"
          >
            <div
              class="flex justify-between text-sm"
            >
              <div
                class="animate-pulse rounded-md bg-muted h-4 w-24"
              />
              <div
                class="animate-pulse rounded-md bg-muted h-4 w-20"
              />
            </div>
            <div
              class="flex justify-between text-sm"
            >
              <div
                class="animate-pulse rounded-md bg-muted h-4 w-16"
              />
              <div
                class="animate-pulse rounded-md bg-muted h-4 w-20"
              />
            </div>
            <div
              class="flex justify-between text-sm"
            >
              <div
                class="animate-pulse rounded-md bg-muted h-4 w-12"
              />
              <div
                class="animate-pulse rounded-md bg-muted h-4 w-16"
              />
            </div>
          </div>
        </div>
      </div>
      <div
        class="bg-card text-card-foreground flex flex-col gap-6 rounded-xl border py-6 shadow-sm mb-8"
      >
        <div
          class="px-6"
        >
          <div
            class="animate-pulse rounded-md bg-muted h-6 w-36 mb-6"
          />
        </div>
        <div
          class="px-6"
        >
          <div
            class="grid md:grid-cols-2 gap-6"
          >
            <div>
              <div
                class="animate-pulse rounded-md bg-muted h-6 w-32 mb-2"
              />
              <div
                class="space-y-1"
              >
                <div
                  class="animate-pulse rounded-md bg-muted h-4 w-24"
                />
                <div
                  class="animate-pulse rounded-md bg-muted h-4 w-32"
                />
                <div
                  class="animate-pulse rounded-md bg-muted h-4 w-40"
                />
                <div
                  class="animate-pulse rounded-md bg-muted h-4 w-8"
                />
                <div
                  class="animate-pulse rounded-md bg-muted h-4 w-28"
                />
              </div>
            </div>
            <div>
              <div
                class="animate-pulse rounded-md bg-muted h-6 w-32 mb-2"
              />
              <div
                class="animate-pulse rounded-md bg-muted h-4 w-20"
              />
            </div>
          </div>
        </div>
      </div>
      <div
        class="bg-card text-card-foreground flex flex-col gap-6 rounded-xl border py-6 shadow-sm mb-8"
      >
        <div
          class="px-6"
        >
          <div
            class="animate-pulse rounded-md bg-muted h-6 w-32 mb-6"
          />
        </div>
        <div
          class="px-6"
        >
          <div
            class="grid md:grid-cols-2 gap-6"
          >
            <div>
              <div
                class="animate-pulse rounded-md bg-muted h-6 w-32 mb-2"
              />
              <div
                class="space-y-1"
              >
                <div
                  class="animate-pulse rounded-md bg-muted h-4 w-24"
                />
                <div
                  class="animate-pulse rounded-md bg-muted h-4 w-32"
                />
                <div
                  class="animate-pulse rounded-md bg-muted h-4 w-40"
                />
                <div
                  class="animate-pulse rounded-md bg-muted h-4 w-8"
                />
                <div
                  class="animate-pulse rounded-md bg-muted h-4 w-28"
                />
              </div>
            </div>
            <div>
              <div
                class="animate-pulse rounded-md bg-muted h-6 w-32 mb-2"
              />
              <div>
                <div
                  class="animate-pulse rounded-md bg-muted h-4 w-16 mb-1"
                />
                <div
                  class="animate-pulse rounded-md bg-muted h-4 w-24"
                />
              </div>
            </div>
          </div>
        </div>
      </div>
      <div
        class="flex flex-col sm:flex-row gap-4 justify-center"
      >
        <div
          class="animate-pulse rounded-md bg-muted h-10 w-40 mx-auto sm:mx-0"
        />
        <div
          class="animate-pulse rounded-md bg-muted h-10 w-32 mx-auto sm:mx-0"
        />
      </div>
    </div>
  </div>
</div>
`;
