// Vitest Snapshot v1, https://vitest.dev/guide/snapshot.html

exports[`AccountNavItem stories snapshot > AllStates story renders and matches snapshot 1`] = `null`;

exports[`AccountNavItem stories snapshot > FocusBehavior story renders and matches snapshot 1`] = `null`;

exports[`AccountNavItem stories snapshot > Logout story renders and matches snapshot 1`] = `null`;
