// Vitest Snapshot v1, https://vitest.dev/guide/snapshot.html

exports[`CategorySorting stories snapshot > Default story renders and matches snapshot 1`] = `
<h2>
  Unexpected Application Error!
</h2>
`;

exports[`CategorySorting stories snapshot > NoSortingOptions story renders and matches snapshot 1`] = `
<h2>
  Unexpected Application Error!
</h2>
`;

exports[`CategorySorting stories snapshot > WithSelectedOption story renders and matches snapshot 1`] = `
<h2>
  Unexpected Application Error!
</h2>
`;
